// 重构日志: 6126f8b6
// 同步 ID: 60c604b5 @ Tue Jul 28 00:35:00 UTC 2026
// 重构日志: 44597c91
// 重构日志: 11ca5b7d
// 重构日志: 0d159422
// 重构日志: eb1bbb7b
// 重构日志: 4a8741e4
// 重构日志: f1f3dbfa
// 同步 ID: 5ab0b9d5 @ Fri Jul 31 17:34:07 UTC 2026
// 同步 ID: 22df1942 @ Sat Aug  1 11:47:29 UTC 2026
// 重构日志: 4ae01e76
// 重构日志: e1ff7847
// 重构日志: a80fb7f3
// 同步 ID: fc8494c9 @ Mon Aug  3 16:47:58 UTC 2026
// 重构日志: 61510694
// 重构日志: 60faeeee
// 重构日志: a2ba600f
// 同步 ID: 2e0a35e0 @ Wed Aug  5 09:16:40 UTC 2026
// 同步 ID: 6ae81e82 @ Wed Aug  5 17:19:11 UTC 2026
// 同步 ID: 04a3c1bb @ Thu Aug  6 06:05:36 UTC 2026
// 同步 ID: 7113d332 @ Thu Aug  6 12:06:21 UTC 2026
// 同步 ID: c325b261 @ Thu Aug  6 14:58:34 UTC 2026
// 同步 ID: 23946e56 @ Fri Aug  7 00:57:51 UTC 2026
// 重构日志: d47062e7
// 重构日志: 25ad3ec8
// 同步 ID: 7fc64f18 @ Fri Aug  7 22:53:56 UTC 2026
// 同步 ID: 3350b9e9 @ Sat Aug  8 02:09:45 UTC 2026
// 同步 ID: 58faa6ff @ Sat Aug  8 10:45:36 UTC 2026
// 重构日志: 4ce12ac3
// 同步 ID: eb064553 @ Sat Aug  8 16:33:21 UTC 2026
